[INFO] Scanning for projects...
[INFO] 
[INFO] ---------------------------< ridspa:ridspa >----------------------------
[INFO] Building ridspa 0.0.1-SNAPSHOT
[INFO]   from pom.xml
[INFO] --------------------------------[ jar ]---------------------------------
[INFO] 
[INFO] >>> spring-boot:3.4.3:run (default-cli) > test-compile @ ridspa >>>
[INFO] 
[INFO] --- resources:3.3.1:resources (default-resources) @ ridspa ---
[INFO] Copying 1 resource from src/main/resources to target/classes
[INFO] Copying 33 resources from src/main/resources to target/classes
[INFO] 
[INFO] --- compiler:3.13.0:compile (default-compile) @ ridspa ---
[INFO] Nothing to compile - all classes are up to date.
[INFO] 
[INFO] --- resources:3.3.1:testResources (default-testResources) @ ridspa ---
[INFO] skip non existing resourceDirectory /Users/nicholasridley/Documents/ridspa/src/test/resources
[INFO] 
[INFO] --- compiler:3.13.0:testCompile (default-testCompile) @ ridspa ---
[INFO] Nothing to compile - all classes are up to date.
[INFO] 
[INFO] <<< spring-boot:3.4.3:run (default-cli) < test-compile @ ridspa <<<
[INFO] 
[INFO] 
[INFO] --- spring-boot:3.4.3:run (default-cli) @ ridspa ---
[INFO] Attaching agents: []

  .   ____          _            __ _ _
 /\\ / ___'_ __ _ _(_)_ __  __ _ \ \ \ \
( ( )\___ | '_ | '_| | '_ \/ _` | \ \ \ \
 \\/  ___)| |_)| | | | | || (_| |  ) ) ) )
  '  |____| .__|_| |_|_| |_\__, | / / / /
 =========|_|==============|___/=/_/_/_/

 :: Spring Boot ::                (v3.4.3)

2026-06-19T20:05:01.378-04:00  INFO 33217 --- [ridspa] [           main] ridspa.ridspa.RidspaApplication          : Starting RidspaApplication using Java 21.0.7 with PID 33217 (/Users/nicholasridley/Documents/ridspa/target/classes started by nicholasridley in /Users/nicholasridley/Documents/ridspa)
2026-06-19T20:05:01.382-04:00  INFO 33217 --- [ridspa] [           main] ridspa.ridspa.RidspaApplication          : No active profile set, falling back to 1 default profile: "default"
2026-06-19T20:05:02.131-04:00  INFO 33217 --- [ridspa] [           main] .s.d.r.c.RepositoryConfigurationDelegate : Bootstrapping Spring Data JPA repositories in DEFAULT mode.
2026-06-19T20:05:02.208-04:00  INFO 33217 --- [ridspa] [           main] .s.d.r.c.RepositoryConfigurationDelegate : Finished Spring Data repository scanning in 68 ms. Found 4 JPA repository interfaces.
2026-06-19T20:05:02.838-04:00  INFO 33217 --- [ridspa] [           main] o.s.b.w.embedded.tomcat.TomcatWebServer  : Tomcat initialized with port 8095 (http)
2026-06-19T20:05:02.858-04:00  INFO 33217 --- [ridspa] [           main] o.apache.catalina.core.StandardService   : Starting service [Tomcat]
2026-06-19T20:05:02.858-04:00  INFO 33217 --- [ridspa] [           main] o.apache.catalina.core.StandardEngine    : Starting Servlet engine: [Apache Tomcat/10.1.36]
2026-06-19T20:05:02.929-04:00  INFO 33217 --- [ridspa] [           main] o.a.c.c.C.[Tomcat].[localhost].[/]       : Initializing Spring embedded WebApplicationContext
2026-06-19T20:05:02.930-04:00  INFO 33217 --- [ridspa] [           main] w.s.c.ServletWebServerApplicationContext : Root WebApplicationContext: initialization completed in 1487 ms
2026-06-19T20:05:03.137-04:00  INFO 33217 --- [ridspa] [           main] o.hibernate.jpa.internal.util.LogHelper  : HHH000204: Processing PersistenceUnitInfo [name: default]
2026-06-19T20:05:03.193-04:00  INFO 33217 --- [ridspa] [           main] org.hibernate.Version                    : HHH000412: Hibernate ORM core version 6.6.8.Final
2026-06-19T20:05:03.231-04:00  INFO 33217 --- [ridspa] [           main] o.h.c.internal.RegionFactoryInitiator    : HHH000026: Second-level cache disabled
2026-06-19T20:05:03.532-04:00  INFO 33217 --- [ridspa] [           main] o.s.o.j.p.SpringPersistenceUnitInfo      : No LoadTimeWeaver setup: ignoring JPA class transformer
2026-06-19T20:05:03.567-04:00  INFO 33217 --- [ridspa] [           main] com.zaxxer.hikari.HikariDataSource       : HikariPool-1 - Starting...
2026-06-19T20:05:04.013-04:00  INFO 33217 --- [ridspa] [           main] com.zaxxer.hikari.pool.HikariPool        : HikariPool-1 - Added connection com.mysql.cj.jdbc.ConnectionImpl@6b2e9db2
2026-06-19T20:05:04.016-04:00  INFO 33217 --- [ridspa] [           main] com.zaxxer.hikari.HikariDataSource       : HikariPool-1 - Start completed.
2026-06-19T20:05:04.080-04:00  WARN 33217 --- [ridspa] [           main] org.hibernate.orm.deprecation            : HHH90000025: MySQLDialect does not need to be specified explicitly using 'hibernate.dialect' (remove the property setting and it will be selected by default)
2026-06-19T20:05:04.106-04:00  INFO 33217 --- [ridspa] [           main] org.hibernate.orm.connections.pooling    : HHH10001005: Database info:
	Database JDBC URL [Connecting through datasource 'HikariDataSource (HikariPool-1)']
	Database driver: undefined/unknown
	Database version: 8.0.42
	Autocommit mode: undefined/unknown
	Isolation level: undefined/unknown
	Minimum pool size: undefined/unknown
	Maximum pool size: undefined/unknown
2026-06-19T20:05:05.151-04:00  INFO 33217 --- [ridspa] [           main] o.h.e.t.j.p.i.JtaPlatformInitiator       : HHH000489: No JTA platform available (set 'hibernate.transaction.jta.platform' to enable JTA platform integration)
2026-06-19T20:05:05.155-04:00  INFO 33217 --- [ridspa] [           main] j.LocalContainerEntityManagerFactoryBean : Initialized JPA EntityManagerFactory for persistence unit 'default'
2026-06-19T20:05:05.675-04:00  WARN 33217 --- [ridspa] [           main] JpaBaseConfiguration$JpaWebConfiguration : spring.jpa.open-in-view is enabled by default. Therefore, database queries may be performed during view rendering. Explicitly configure spring.jpa.open-in-view to disable this warning
2026-06-19T20:05:05.706-04:00  INFO 33217 --- [ridspa] [           main] o.s.b.a.w.s.WelcomePageHandlerMapping    : Adding welcome page: class path resource [static/index.html]
2026-06-19T20:05:06.168-04:00  INFO 33217 --- [ridspa] [           main] o.s.b.w.embedded.tomcat.TomcatWebServer  : Tomcat started on port 8095 (http) with context path '/'
2026-06-19T20:05:06.179-04:00  INFO 33217 --- [ridspa] [           main] ridspa.ridspa.RidspaApplication          : Started RidspaApplication in 5.321 seconds (process running for 5.818)
Access Token: A21AAMCJEsdoBALV1ND0ZRU7L-1YFUqaj_SxRleoGZv7PxKB7swmRU-7cm3bCnmm40tOr2lgwSmRpgOqrO55BN2s637bty2Ow
